Archive member included to satisfy reference by file (symbol)

C:/msys64/ucrt64/bin/../lib/gcc/x86_64-w64-mingw32/14.2.0/../../../../lib/libstdc++.dll.a(libstdc___6_dll_d006850.o)
                              C:\Users\Francois\AppData\Local\Temp\ccC6P1yL.o (__gxx_personality_seh0)
C:/msys64/ucrt64/bin/../lib/gcc/x86_64-w64-mingw32/14.2.0/../../../../lib/libstdc++.dll.a(libstdc___6_dll_d006804.o)
                              C:\Users\Francois\AppData\Local\Temp\ccC6P1yL.o (operator new(unsigned long long))
C:/msys64/ucrt64/bin/../lib/gcc/x86_64-w64-mingw32/14.2.0/../../../../lib/libstdc++.dll.a(libstdc___6_dll_d006798.o)
                              C:\Users\Francois\AppData\Local\Temp\ccC6P1yL.o (operator delete(void*, unsigned long long))
C:/msys64/ucrt64/bin/../lib/gcc/x86_64-w64-mingw32/14.2.0/../../../../lib/libstdc++.dll.a(libstdc___6_dll_d000000.o)
                              C:/msys64/ucrt64/bin/../lib/gcc/x86_64-w64-mingw32/14.2.0/../../../../lib/libstdc++.dll.a(libstdc___6_dll_d006850.o) (_head_libstdc___6_dll)
C:/msys64/ucrt64/bin/../lib/gcc/x86_64-w64-mingw32/14.2.0/../../../../lib/libstdc++.dll.a(libstdc___6_dll_d006854.o)
                              C:/msys64/ucrt64/bin/../lib/gcc/x86_64-w64-mingw32/14.2.0/../../../../lib/libstdc++.dll.a(libstdc___6_dll_d000000.o) (libstdc___6_dll_iname)
C:/msys64/ucrt64/bin/../lib/gcc/x86_64-w64-mingw32/14.2.0/../../../../lib/libmingw32.a(lib64_libmingw32_a-gccmain.o)
                              C:/msys64/ucrt64/bin/../lib/gcc/x86_64-w64-mingw32/14.2.0/../../../../lib/crt2.o (__main)
C:/msys64/ucrt64/bin/../lib/gcc/x86_64-w64-mingw32/14.2.0/../../../../lib/libmingw32.a(lib64_libmingw32_a-natstart.o)
                              C:/msys64/ucrt64/bin/../lib/gcc/x86_64-w64-mingw32/14.2.0/../../../../lib/crt2.o (__native_startup_lock)
C:/msys64/ucrt64/bin/../lib/gcc/x86_64-w64-mingw32/14.2.0/../../../../lib/libmingw32.a(lib64_libmingw32_a-wildcard.o)
                              C:/msys64/ucrt64/bin/../lib/gcc/x86_64-w64-mingw32/14.2.0/../../../../lib/crt2.o (_dowildcard)
C:/msys64/ucrt64/bin/../lib/gcc/x86_64-w64-mingw32/14.2.0/../../../../lib/libmingw32.a(lib64_libmingw32_a-dllargv.o)
                              C:/msys64/ucrt64/bin/../lib/gcc/x86_64-w64-mingw32/14.2.0/../../../../lib/crt2.o (_setargv)
C:/msys64/ucrt64/bin/../lib/gcc/x86_64-w64-mingw32/14.2.0/../../../../lib/libmingw32.a(lib64_libmingw32_a-_newmode.o)
                              C:/msys64/ucrt64/bin/../lib/gcc/x86_64-w64-mingw32/14.2.0/../../../../lib/crt2.o (_newmode)
C:/msys64/ucrt64/bin/../lib/gcc/x86_64-w64-mingw32/14.2.0/../../../../lib/libmingw32.a(lib64_libmingw32_a-tlssup.o)
                              C:/msys64/ucrt64/bin/../lib/gcc/x86_64-w64-mingw32/14.2.0/../../../../lib/crt2.o (__mingw_initltssuo_force)
C:/msys64/ucrt64/bin/../lib/gcc/x86_64-w64-mingw32/14.2.0/../../../../lib/libmingw32.a(lib64_libmingw32_a-xncommod.o)
                              C:/msys64/ucrt64/bin/../lib/gcc/x86_64-w64-mingw32/14.2.0/../../../../lib/crt2.o (_commode)
C:/msys64/ucrt64/bin/../lib/gcc/x86_64-w64-mingw32/14.2.0/../../../../lib/libmingw32.a(lib64_libmingw32_a-cinitexe.o)
                              C:/msys64/ucrt64/bin/../lib/gcc/x86_64-w64-mingw32/14.2.0/../../../../lib/crt2.o (__xc_z)
C:/msys64/ucrt64/bin/../lib/gcc/x86_64-w64-mingw32/14.2.0/../../../../lib/libmingw32.a(lib64_libmingw32_a-merr.o)
                              C:/msys64/ucrt64/bin/../lib/gcc/x86_64-w64-mingw32/14.2.0/../../../../lib/crt2.o (_matherr)
C:/msys64/ucrt64/bin/../lib/gcc/x86_64-w64-mingw32/14.2.0/../../../../lib/libmingw32.a(lib64_libmingw32_a-CRT_fp10.o)
                              C:/msys64/ucrt64/bin/../lib/gcc/x86_64-w64-mingw32/14.2.0/../../../../lib/crt2.o (_fpreset)
C:/msys64/ucrt64/bin/../lib/gcc/x86_64-w64-mingw32/14.2.0/../../../../lib/libmingw32.a(lib64_libmingw32_a-mingw_helpers.o)
                              C:/msys64/ucrt64/bin/../lib/gcc/x86_64-w64-mingw32/14.2.0/../../../../lib/crt2.o (__mingw_app_type)
C:/msys64/ucrt64/bin/../lib/gcc/x86_64-w64-mingw32/14.2.0/../../../../lib/libmingw32.a(lib64_libmingw32_a-pseudo-reloc.o)
                              C:/msys64/ucrt64/bin/../lib/gcc/x86_64-w64-mingw32/14.2.0/../../../../lib/crt2.o (_pei386_runtime_relocator)
C:/msys64/ucrt64/bin/../lib/gcc/x86_64-w64-mingw32/14.2.0/../../../../lib/libmingw32.a(lib64_libmingw32_a-usermatherr.o)
                              C:/msys64/ucrt64/bin/../lib/gcc/x86_64-w64-mingw32/14.2.0/../../../../lib/crt2.o (__mingw_setusermatherr)
C:/msys64/ucrt64/bin/../lib/gcc/x86_64-w64-mingw32/14.2.0/../../../../lib/libmingw32.a(lib64_libmingw32_a-xtxtmode.o)
                              C:/msys64/ucrt64/bin/../lib/gcc/x86_64-w64-mingw32/14.2.0/../../../../lib/crt2.o (_fmode)
C:/msys64/ucrt64/bin/../lib/gcc/x86_64-w64-mingw32/14.2.0/../../../../lib/libmingw32.a(lib64_libmingw32_a-crt_handler.o)
                              C:/msys64/ucrt64/bin/../lib/gcc/x86_64-w64-mingw32/14.2.0/../../../../lib/crt2.o (_gnu_exception_handler)
C:/msys64/ucrt64/bin/../lib/gcc/x86_64-w64-mingw32/14.2.0/../../../../lib/libmingw32.a(lib64_libmingw32_a-tlsthrd.o)
                              C:/msys64/ucrt64/bin/../lib/gcc/x86_64-w64-mingw32/14.2.0/../../../../lib/libmingw32.a(lib64_libmingw32_a-tlssup.o) (__mingw_TLScallback)
C:/msys64/ucrt64/bin/../lib/gcc/x86_64-w64-mingw32/14.2.0/../../../../lib/libmingw32.a(lib64_libmingw32_a-tlsmcrt.o)
                              C:/msys64/ucrt64/bin/../lib/gcc/x86_64-w64-mingw32/14.2.0/../../../../lib/libmingw32.a(lib64_libmingw32_a-tlssup.o) (_CRT_MT)
C:/msys64/ucrt64/bin/../lib/gcc/x86_64-w64-mingw32/14.2.0/../../../../lib/libmingw32.a(lib64_libmingw32_a-pseudo-reloc-list.o)
                              C:/msys64/ucrt64/bin/../lib/gcc/x86_64-w64-mingw32/14.2.0/../../../../lib/libmingw32.a(lib64_libmingw32_a-pseudo-reloc.o) (__RUNTIME_PSEUDO_RELOC_LIST__)
C:/msys64/ucrt64/bin/../lib/gcc/x86_64-w64-mingw32/14.2.0/../../../../lib/libmingw32.a(lib64_libmingw32_a-pesect.o)
                              C:/msys64/ucrt64/bin/../lib/gcc/x86_64-w64-mingw32/14.2.0/../../../../lib/libmingw32.a(lib64_libmingw32_a-pseudo-reloc.o) (__mingw_GetSectionForAddress)
C:/msys64/ucrt64/bin/../lib/gcc/x86_64-w64-mingw32/14.2.0/../../../../lib/libgcc_s.a(libgcc_s_seh_1_dll_d000015.o)
                              C:\Users\Francois\AppData\Local\Temp\ccC6P1yL.o (_Unwind_Resume)
C:/msys64/ucrt64/bin/../lib/gcc/x86_64-w64-mingw32/14.2.0/../../../../lib/libgcc_s.a(libgcc_s_seh_1_dll_d000000.o)
                              C:/msys64/ucrt64/bin/../lib/gcc/x86_64-w64-mingw32/14.2.0/../../../../lib/libgcc_s.a(libgcc_s_seh_1_dll_d000015.o) (_head_libgcc_s_seh_1_dll)
C:/msys64/ucrt64/bin/../lib/gcc/x86_64-w64-mingw32/14.2.0/../../../../lib/libgcc_s.a(libgcc_s_seh_1_dll_d000135.o)
                              C:/msys64/ucrt64/bin/../lib/gcc/x86_64-w64-mingw32/14.2.0/../../../../lib/libgcc_s.a(libgcc_s_seh_1_dll_d000000.o) (libgcc_s_seh_1_dll_iname)
C:/msys64/ucrt64/bin/../lib/gcc/x86_64-w64-mingw32/14.2.0/libgcc.a(_chkstk_ms.o)
                              C:/msys64/ucrt64/bin/../lib/gcc/x86_64-w64-mingw32/14.2.0/../../../../lib/libmingw32.a(lib64_libmingw32_a-pseudo-reloc.o) (___chkstk_ms)
C:/msys64/ucrt64/bin/../lib/gcc/x86_64-w64-mingw32/14.2.0/libgcc.a(_ctors.o)
                              C:/msys64/ucrt64/bin/../lib/gcc/x86_64-w64-mingw32/14.2.0/../../../../lib/libmingw32.a(lib64_libmingw32_a-gccmain.o) (__DTOR_LIST__)
C:/msys64/ucrt64/bin/../lib/gcc/x86_64-w64-mingw32/14.2.0/../../../../lib/libmingwex.a(lib64_libmingwex_a-mingw_matherr.o)
                              C:/msys64/ucrt64/bin/../lib/gcc/x86_64-w64-mingw32/14.2.0/../../../../lib/crt2.o (_MINGW_INSTALL_DEBUG_MATHERR)
C:/msys64/ucrt64/bin/../lib/gcc/x86_64-w64-mingw32/14.2.0/../../../../lib/libmingwex.a(lib64_libmingwex_a-mingw_vfprintf.o)
                              C:\Users\Francois\AppData\Local\Temp\ccC6P1yL.o (__mingw_vfprintf)
C:/msys64/ucrt64/bin/../lib/gcc/x86_64-w64-mingw32/14.2.0/../../../../lib/libmingwex.a(lib64_libmingwex_a-mingw_pformat.o)
                              C:/msys64/ucrt64/bin/../lib/gcc/x86_64-w64-mingw32/14.2.0/../../../../lib/libmingwex.a(lib64_libmingwex_a-mingw_vfprintf.o) (__mingw_pformat)
C:/msys64/ucrt64/bin/../lib/gcc/x86_64-w64-mingw32/14.2.0/../../../../lib/libmingwex.a(lib64_libmingwex_a-dmisc.o)
                              C:/msys64/ucrt64/bin/../lib/gcc/x86_64-w64-mingw32/14.2.0/../../../../lib/libmingwex.a(lib64_libmingwex_a-mingw_pformat.o) (__freedtoa)
C:/msys64/ucrt64/bin/../lib/gcc/x86_64-w64-mingw32/14.2.0/../../../../lib/libmingwex.a(lib64_libmingwex_a-gdtoa.o)
                              C:/msys64/ucrt64/bin/../lib/gcc/x86_64-w64-mingw32/14.2.0/../../../../lib/libmingwex.a(lib64_libmingwex_a-mingw_pformat.o) (__gdtoa)
C:/msys64/ucrt64/bin/../lib/gcc/x86_64-w64-mingw32/14.2.0/../../../../lib/libmingwex.a(lib64_libmingwex_a-gmisc.o)
                              C:/msys64/ucrt64/bin/../lib/gcc/x86_64-w64-mingw32/14.2.0/../../../../lib/libmingwex.a(lib64_libmingwex_a-gdtoa.o) (__rshift_D2A)
C:/msys64/ucrt64/bin/../lib/gcc/x86_64-w64-mingw32/14.2.0/../../../../lib/libmingwex.a(lib64_libmingwex_a-misc.o)
                              C:/msys64/ucrt64/bin/../lib/gcc/x86_64-w64-mingw32/14.2.0/../../../../lib/libmingwex.a(lib64_libmingwex_a-dmisc.o) (__Balloc_D2A)
C:/msys64/ucrt64/bin/../lib/gcc/x86_64-w64-mingw32/14.2.0/../../../../lib/libmsvcrt.a(lib64_libucrt_extra_a-ucrt_vfprintf.o)
                              C:/msys64/ucrt64/bin/../lib/gcc/x86_64-w64-mingw32/14.2.0/../../../../lib/libmingw32.a(lib64_libmingw32_a-pseudo-reloc.o) (vfprintf)
C:/msys64/ucrt64/bin/../lib/gcc/x86_64-w64-mingw32/14.2.0/../../../../lib/libmsvcrt.a(lib64_libucrt_extra_a-ucrt_fprintf.o)
                              C:/msys64/ucrt64/bin/../lib/gcc/x86_64-w64-mingw32/14.2.0/../../../../lib/libmingw32.a(lib64_libmingw32_a-merr.o) (fprintf)
C:/msys64/ucrt64/bin/../lib/gcc/x86_64-w64-mingw32/14.2.0/../../../../lib/libmsvcrt.a(lib64_libucrt_extra_a-__p___initenv.o)
                              C:/msys64/ucrt64/bin/../lib/gcc/x86_64-w64-mingw32/14.2.0/../../../../lib/crt2.o (__p___initenv)
C:/msys64/ucrt64/bin/../lib/gcc/x86_64-w64-mingw32/14.2.0/../../../../lib/libmsvcrt.a(lib64_libucrt_extra_a-ucrtbase_compat.o)
                              C:/msys64/ucrt64/bin/../lib/gcc/x86_64-w64-mingw32/14.2.0/../../../../lib/crt2.o (__getmainargs)
C:/msys64/ucrt64/bin/../lib/gcc/x86_64-w64-mingw32/14.2.0/../../../../lib/libmsvcrt.a(libapi-ms-win-crt-time-l1-1-0s00010.o)
                              C:/msys64/ucrt64/bin/../lib/gcc/x86_64-w64-mingw32/14.2.0/../../../../lib/libmsvcrt.a(lib64_libucrt_extra_a-ucrtbase_compat.o) (__daylight)
C:/msys64/ucrt64/bin/../lib/gcc/x86_64-w64-mingw32/14.2.0/../../../../lib/libmsvcrt.a(libapi-ms-win-crt-time-l1-1-0s00012.o)
                              C:/msys64/ucrt64/bin/../lib/gcc/x86_64-w64-mingw32/14.2.0/../../../../lib/libmsvcrt.a(lib64_libucrt_extra_a-ucrtbase_compat.o) (__timezone)
C:/msys64/ucrt64/bin/../lib/gcc/x86_64-w64-mingw32/14.2.0/../../../../lib/libmsvcrt.a(libapi-ms-win-crt-time-l1-1-0s00013.o)
                              C:/msys64/ucrt64/bin/../lib/gcc/x86_64-w64-mingw32/14.2.0/../../../../lib/libmsvcrt.a(lib64_libucrt_extra_a-ucrtbase_compat.o) (__tzname)
C:/msys64/ucrt64/bin/../lib/gcc/x86_64-w64-mingw32/14.2.0/../../../../lib/libmsvcrt.a(libapi-ms-win-crt-time-l1-1-0s00061.o)
                              C:/msys64/ucrt64/bin/../lib/gcc/x86_64-w64-mingw32/14.2.0/../../../../lib/libmsvcrt.a(lib64_libucrt_extra_a-ucrtbase_compat.o) (__imp__tzset)
C:/msys64/ucrt64/bin/../lib/gcc/x86_64-w64-mingw32/14.2.0/../../../../lib/libmsvcrt.a(libapi-ms-win-crt-time-l1-1-0h.o)
                              C:/msys64/ucrt64/bin/../lib/gcc/x86_64-w64-mingw32/14.2.0/../../../../lib/libmsvcrt.a(libapi-ms-win-crt-time-l1-1-0s00010.o) (_head_lib64_libapi_ms_win_crt_time_l1_1_0_a)
C:/msys64/ucrt64/bin/../lib/gcc/x86_64-w64-mingw32/14.2.0/../../../../lib/libmsvcrt.a(libapi-ms-win-crt-time-l1-1-0t.o)
                              C:/msys64/ucrt64/bin/../lib/gcc/x86_64-w64-mingw32/14.2.0/../../../../lib/libmsvcrt.a(libapi-ms-win-crt-time-l1-1-0h.o) (__lib64_libapi_ms_win_crt_time_l1_1_0_a_iname)
C:/msys64/ucrt64/bin/../lib/gcc/x86_64-w64-mingw32/14.2.0/../../../../lib/libmsvcrt.a(libapi-ms-win-crt-string-l1-1-0s00159.o)
                              C:\Users\Francois\AppData\Local\Temp\ccC6P1yL.o (memset)
C:/msys64/ucrt64/bin/../lib/gcc/x86_64-w64-mingw32/14.2.0/../../../../lib/libmsvcrt.a(libapi-ms-win-crt-string-l1-1-0s00165.o)
                              C:\Users\Francois\AppData\Local\Temp\ccC6P1yL.o (__imp_strcpy_s)
C:/msys64/ucrt64/bin/../lib/gcc/x86_64-w64-mingw32/14.2.0/../../../../lib/libmsvcrt.a(libapi-ms-win-crt-string-l1-1-0s00167.o)
                              C:/msys64/ucrt64/bin/../lib/gcc/x86_64-w64-mingw32/14.2.0/../../../../lib/crt2.o (strlen)
C:/msys64/ucrt64/bin/../lib/gcc/x86_64-w64-mingw32/14.2.0/../../../../lib/libmsvcrt.a(libapi-ms-win-crt-string-l1-1-0s00170.o)
                              C:/msys64/ucrt64/bin/../lib/gcc/x86_64-w64-mingw32/14.2.0/../../../../lib/libmingw32.a(lib64_libmingw32_a-pesect.o) (strncmp)
C:/msys64/ucrt64/bin/../lib/gcc/x86_64-w64-mingw32/14.2.0/../../../../lib/libmsvcrt.a(libapi-ms-win-crt-string-l1-1-0s00173.o)
                              C:/msys64/ucrt64/bin/../lib/gcc/x86_64-w64-mingw32/14.2.0/../../../../lib/libmingwex.a(lib64_libmingwex_a-mingw_pformat.o) (strnlen)
C:/msys64/ucrt64/bin/../lib/gcc/x86_64-w64-mingw32/14.2.0/../../../../lib/libmsvcrt.a(libapi-ms-win-crt-string-l1-1-0s00191.o)
                              C:/msys64/ucrt64/bin/../lib/gcc/x86_64-w64-mingw32/14.2.0/../../../../lib/libmingwex.a(lib64_libmingwex_a-mingw_pformat.o) (wcslen)
C:/msys64/ucrt64/bin/../lib/gcc/x86_64-w64-mingw32/14.2.0/../../../../lib/libmsvcrt.a(libapi-ms-win-crt-string-l1-1-0s00197.o)
                              C:/msys64/ucrt64/bin/../lib/gcc/x86_64-w64-mingw32/14.2.0/../../../../lib/libmingwex.a(lib64_libmingwex_a-mingw_pformat.o) (wcsnlen)
C:/msys64/ucrt64/bin/../lib/gcc/x86_64-w64-mingw32/14.2.0/../../../../lib/libmsvcrt.a(libapi-ms-win-crt-string-l1-1-0h.o)
                              C:/msys64/ucrt64/bin/../lib/gcc/x86_64-w64-mingw32/14.2.0/../../../../lib/libmsvcrt.a(libapi-ms-win-crt-string-l1-1-0s00159.o) (_head_lib64_libapi_ms_win_crt_string_l1_1_0_a)
C:/msys64/ucrt64/bin/../lib/gcc/x86_64-w64-mingw32/14.2.0/../../../../lib/libmsvcrt.a(libapi-ms-win-crt-string-l1-1-0t.o)
                              C:/msys64/ucrt64/bin/../lib/gcc/x86_64-w64-mingw32/14.2.0/../../../../lib/libmsvcrt.a(libapi-ms-win-crt-string-l1-1-0h.o) (__lib64_libapi_ms_win_crt_string_l1_1_0_a_iname)
C:/msys64/ucrt64/bin/../lib/gcc/x86_64-w64-mingw32/14.2.0/../../../../lib/libmsvcrt.a(libapi-ms-win-crt-stdio-l1-1-0s00000.o)
                              C:/msys64/ucrt64/bin/../lib/gcc/x86_64-w64-mingw32/14.2.0/../../../../lib/libmingw32.a(lib64_libmingw32_a-merr.o) (__acrt_iob_func)
C:/msys64/ucrt64/bin/../lib/gcc/x86_64-w64-mingw32/14.2.0/../../../../lib/libmsvcrt.a(libapi-ms-win-crt-stdio-l1-1-0s00001.o)
                              C:/msys64/ucrt64/bin/../lib/gcc/x86_64-w64-mingw32/14.2.0/../../../../lib/crt2.o (__p__commode)
C:/msys64/ucrt64/bin/../lib/gcc/x86_64-w64-mingw32/14.2.0/../../../../lib/libmsvcrt.a(libapi-ms-win-crt-stdio-l1-1-0s00002.o)
                              C:/msys64/ucrt64/bin/../lib/gcc/x86_64-w64-mingw32/14.2.0/../../../../lib/crt2.o (__p__fmode)
C:/msys64/ucrt64/bin/../lib/gcc/x86_64-w64-mingw32/14.2.0/../../../../lib/libmsvcrt.a(libapi-ms-win-crt-stdio-l1-1-0s00003.o)
                              C:/msys64/ucrt64/bin/../lib/gcc/x86_64-w64-mingw32/14.2.0/../../../../lib/libmsvcrt.a(lib64_libucrt_extra_a-ucrt_vfprintf.o) (__stdio_common_vfprintf)
C:/msys64/ucrt64/bin/../lib/gcc/x86_64-w64-mingw32/14.2.0/../../../../lib/libmsvcrt.a(libapi-ms-win-crt-stdio-l1-1-0s00007.o)
                              C:/msys64/ucrt64/bin/../lib/gcc/x86_64-w64-mingw32/14.2.0/../../../../lib/libmsvcrt.a(lib64_libucrt_extra_a-ucrtbase_compat.o) (__stdio_common_vfwprintf)
C:/msys64/ucrt64/bin/../lib/gcc/x86_64-w64-mingw32/14.2.0/../../../../lib/libmsvcrt.a(libapi-ms-win-crt-stdio-l1-1-0s00159.o)
                              C:/msys64/ucrt64/bin/../lib/gcc/x86_64-w64-mingw32/14.2.0/../../../../lib/libmingwex.a(lib64_libmingwex_a-mingw_pformat.o) (fputc)
C:/msys64/ucrt64/bin/../lib/gcc/x86_64-w64-mingw32/14.2.0/../../../../lib/libmsvcrt.a(libapi-ms-win-crt-stdio-l1-1-0s00171.o)
                              C:/msys64/ucrt64/bin/../lib/gcc/x86_64-w64-mingw32/14.2.0/../../../../lib/libmingw32.a(lib64_libmingw32_a-pseudo-reloc.o) (fwrite)
C:/msys64/ucrt64/bin/../lib/gcc/x86_64-w64-mingw32/14.2.0/../../../../lib/libmsvcrt.a(libapi-ms-win-crt-stdio-l1-1-0h.o)
                              C:/msys64/ucrt64/bin/../lib/gcc/x86_64-w64-mingw32/14.2.0/../../../../lib/libmsvcrt.a(libapi-ms-win-crt-stdio-l1-1-0s00000.o) (_head_lib64_libapi_ms_win_crt_stdio_l1_1_0_a)
C:/msys64/ucrt64/bin/../lib/gcc/x86_64-w64-mingw32/14.2.0/../../../../lib/libmsvcrt.a(libapi-ms-win-crt-stdio-l1-1-0t.o)
                              C:/msys64/ucrt64/bin/../lib/gcc/x86_64-w64-mingw32/14.2.0/../../../../lib/libmsvcrt.a(libapi-ms-win-crt-stdio-l1-1-0h.o) (__lib64_libapi_ms_win_crt_stdio_l1_1_0_a_iname)
C:/msys64/ucrt64/bin/../lib/gcc/x86_64-w64-mingw32/14.2.0/../../../../lib/libmsvcrt.a(libapi-ms-win-crt-runtime-l1-1-0s00004.o)
                              C:/msys64/ucrt64/bin/../lib/gcc/x86_64-w64-mingw32/14.2.0/../../../../lib/libmsvcrt.a(lib64_libucrt_extra_a-ucrtbase_compat.o) (__p___argc)
C:/msys64/ucrt64/bin/../lib/gcc/x86_64-w64-mingw32/14.2.0/../../../../lib/libmsvcrt.a(libapi-ms-win-crt-runtime-l1-1-0s00005.o)
                              C:/msys64/ucrt64/bin/../lib/gcc/x86_64-w64-mingw32/14.2.0/../../../../lib/libmsvcrt.a(lib64_libucrt_extra_a-ucrtbase_compat.o) (__p___argv)
C:/msys64/ucrt64/bin/../lib/gcc/x86_64-w64-mingw32/14.2.0/../../../../lib/libmsvcrt.a(libapi-ms-win-crt-runtime-l1-1-0s00006.o)
                              C:/msys64/ucrt64/bin/../lib/gcc/x86_64-w64-mingw32/14.2.0/../../../../lib/libmsvcrt.a(lib64_libucrt_extra_a-ucrtbase_compat.o) (__p___wargv)
C:/msys64/ucrt64/bin/../lib/gcc/x86_64-w64-mingw32/14.2.0/../../../../lib/libmsvcrt.a(libapi-ms-win-crt-runtime-l1-1-0s00022.o)
                              C:/msys64/ucrt64/bin/../lib/gcc/x86_64-w64-mingw32/14.2.0/../../../../lib/crt2.o (_cexit)
C:/msys64/ucrt64/bin/../lib/gcc/x86_64-w64-mingw32/14.2.0/../../../../lib/libmsvcrt.a(libapi-ms-win-crt-runtime-l1-1-0s00024.o)
                              C:/msys64/ucrt64/bin/../lib/gcc/x86_64-w64-mingw32/14.2.0/../../../../lib/libmsvcrt.a(lib64_libucrt_extra_a-ucrtbase_compat.o) (_configure_narrow_argv)
C:/msys64/ucrt64/bin/../lib/gcc/x86_64-w64-mingw32/14.2.0/../../../../lib/libmsvcrt.a(libapi-ms-win-crt-runtime-l1-1-0s00025.o)
                              C:/msys64/ucrt64/bin/../lib/gcc/x86_64-w64-mingw32/14.2.0/../../../../lib/libmsvcrt.a(lib64_libucrt_extra_a-ucrtbase_compat.o) (_configure_wide_argv)
C:/msys64/ucrt64/bin/../lib/gcc/x86_64-w64-mingw32/14.2.0/../../../../lib/libmsvcrt.a(libapi-ms-win-crt-runtime-l1-1-0s00029.o)
                              C:/msys64/ucrt64/bin/../lib/gcc/x86_64-w64-mingw32/14.2.0/../../../../lib/libmsvcrt.a(lib64_libucrt_extra_a-ucrtbase_compat.o) (_crt_at_quick_exit)
C:/msys64/ucrt64/bin/../lib/gcc/x86_64-w64-mingw32/14.2.0/../../../../lib/libmsvcrt.a(libapi-ms-win-crt-runtime-l1-1-0s00030.o)
                              C:/msys64/ucrt64/bin/../lib/gcc/x86_64-w64-mingw32/14.2.0/../../../../lib/libmsvcrt.a(lib64_libucrt_extra_a-ucrtbase_compat.o) (_crt_atexit)
C:/msys64/ucrt64/bin/../lib/gcc/x86_64-w64-mingw32/14.2.0/../../../../lib/libmsvcrt.a(libapi-ms-win-crt-runtime-l1-1-0s00034.o)
                              C:/msys64/ucrt64/bin/../lib/gcc/x86_64-w64-mingw32/14.2.0/../../../../lib/libmingwex.a(lib64_libmingwex_a-mingw_pformat.o) (_errno)
C:/msys64/ucrt64/bin/../lib/gcc/x86_64-w64-mingw32/14.2.0/../../../../lib/libmsvcrt.a(libapi-ms-win-crt-runtime-l1-1-0s00036.o)
                              C:/msys64/ucrt64/bin/../lib/gcc/x86_64-w64-mingw32/14.2.0/../../../../lib/libmsvcrt.a(lib64_libucrt_extra_a-ucrtbase_compat.o) (_exit)
C:/msys64/ucrt64/bin/../lib/gcc/x86_64-w64-mingw32/14.2.0/../../../../lib/libmsvcrt.a(libapi-ms-win-crt-runtime-l1-1-0s00053.o)
                              C:/msys64/ucrt64/bin/../lib/gcc/x86_64-w64-mingw32/14.2.0/../../../../lib/libmsvcrt.a(lib64_libucrt_extra_a-ucrtbase_compat.o) (_initialize_narrow_environment)
C:/msys64/ucrt64/bin/../lib/gcc/x86_64-w64-mingw32/14.2.0/../../../../lib/libmsvcrt.a(libapi-ms-win-crt-runtime-l1-1-0s00055.o)
                              C:/msys64/ucrt64/bin/../lib/gcc/x86_64-w64-mingw32/14.2.0/../../../../lib/libmsvcrt.a(lib64_libucrt_extra_a-ucrtbase_compat.o) (_initialize_wide_environment)
C:/msys64/ucrt64/bin/../lib/gcc/x86_64-w64-mingw32/14.2.0/../../../../lib/libmsvcrt.a(libapi-ms-win-crt-runtime-l1-1-0s00056.o)
                              C:/msys64/ucrt64/bin/../lib/gcc/x86_64-w64-mingw32/14.2.0/../../../../lib/crt2.o (_initterm)
C:/msys64/ucrt64/bin/../lib/gcc/x86_64-w64-mingw32/14.2.0/../../../../lib/libmsvcrt.a(libapi-ms-win-crt-runtime-l1-1-0s00068.o)
                              C:/msys64/ucrt64/bin/../lib/gcc/x86_64-w64-mingw32/14.2.0/../../../../lib/crt2.o (__set_app_type)
C:/msys64/ucrt64/bin/../lib/gcc/x86_64-w64-mingw32/14.2.0/../../../../lib/libmsvcrt.a(libapi-ms-win-crt-runtime-l1-1-0s00074.o)
                              C:/msys64/ucrt64/bin/../lib/gcc/x86_64-w64-mingw32/14.2.0/../../../../lib/crt2.o (_set_invalid_parameter_handler)
C:/msys64/ucrt64/bin/../lib/gcc/x86_64-w64-mingw32/14.2.0/../../../../lib/libmsvcrt.a(libapi-ms-win-crt-runtime-l1-1-0s00087.o)
                              C:/msys64/ucrt64/bin/../lib/gcc/x86_64-w64-mingw32/14.2.0/../../../../lib/libmingw32.a(lib64_libmingw32_a-pseudo-reloc.o) (abort)
C:/msys64/ucrt64/bin/../lib/gcc/x86_64-w64-mingw32/14.2.0/../../../../lib/libmsvcrt.a(libapi-ms-win-crt-runtime-l1-1-0s00088.o)
                              C:/msys64/ucrt64/bin/../lib/gcc/x86_64-w64-mingw32/14.2.0/../../../../lib/crt2.o (exit)
C:/msys64/ucrt64/bin/../lib/gcc/x86_64-w64-mingw32/14.2.0/../../../../lib/libmsvcrt.a(libapi-ms-win-crt-runtime-l1-1-0s00102.o)
                              C:/msys64/ucrt64/bin/../lib/gcc/x86_64-w64-mingw32/14.2.0/../../../../lib/libmingw32.a(lib64_libmingw32_a-crt_handler.o) (signal)
C:/msys64/ucrt64/bin/../lib/gcc/x86_64-w64-mingw32/14.2.0/../../../../lib/libmsvcrt.a(libapi-ms-win-crt-runtime-l1-1-0s00103.o)
                              C:/msys64/ucrt64/bin/../lib/gcc/x86_64-w64-mingw32/14.2.0/../../../../lib/libmingwex.a(lib64_libmingwex_a-mingw_pformat.o) (strerror)
C:/msys64/ucrt64/bin/../lib/gcc/x86_64-w64-mingw32/14.2.0/../../../../lib/libmsvcrt.a(libapi-ms-win-crt-runtime-l1-1-0h.o)
                              C:/msys64/ucrt64/bin/../lib/gcc/x86_64-w64-mingw32/14.2.0/../../../../lib/libmsvcrt.a(libapi-ms-win-crt-runtime-l1-1-0s00004.o) (_head_lib64_libapi_ms_win_crt_runtime_l1_1_0_a)
C:/msys64/ucrt64/bin/../lib/gcc/x86_64-w64-mingw32/14.2.0/../../../../lib/libmsvcrt.a(libapi-ms-win-crt-runtime-l1-1-0t.o)
                              C:/msys64/ucrt64/bin/../lib/gcc/x86_64-w64-mingw32/14.2.0/../../../../lib/libmsvcrt.a(libapi-ms-win-crt-runtime-l1-1-0h.o) (__lib64_libapi_ms_win_crt_runtime_l1_1_0_a_iname)
C:/msys64/ucrt64/bin/../lib/gcc/x86_64-w64-mingw32/14.2.0/../../../../lib/libmsvcrt.a(libapi-ms-win-crt-private-l1-1-0s00015.o)
                              C:/msys64/ucrt64/bin/../lib/gcc/x86_64-w64-mingw32/14.2.0/../../../../lib/crt2.o (__C_specific_handler)
C:/msys64/ucrt64/bin/../lib/gcc/x86_64-w64-mingw32/14.2.0/../../../../lib/libmsvcrt.a(libapi-ms-win-crt-private-l1-1-0s01143.o)
                              C:/msys64/ucrt64/bin/../lib/gcc/x86_64-w64-mingw32/14.2.0/../../../../lib/crt2.o (memcpy)
C:/msys64/ucrt64/bin/../lib/gcc/x86_64-w64-mingw32/14.2.0/../../../../lib/libmsvcrt.a(libapi-ms-win-crt-private-l1-1-0h.o)
                              C:/msys64/ucrt64/bin/../lib/gcc/x86_64-w64-mingw32/14.2.0/../../../../lib/libmsvcrt.a(libapi-ms-win-crt-private-l1-1-0s00015.o) (_head_lib64_libapi_ms_win_crt_private_l1_1_0_a)
C:/msys64/ucrt64/bin/../lib/gcc/x86_64-w64-mingw32/14.2.0/../../../../lib/libmsvcrt.a(libapi-ms-win-crt-private-l1-1-0t.o)
                              C:/msys64/ucrt64/bin/../lib/gcc/x86_64-w64-mingw32/14.2.0/../../../../lib/libmsvcrt.a(libapi-ms-win-crt-private-l1-1-0h.o) (__lib64_libapi_ms_win_crt_private_l1_1_0_a_iname)
C:/msys64/ucrt64/bin/../lib/gcc/x86_64-w64-mingw32/14.2.0/../../../../lib/libmsvcrt.a(libapi-ms-win-crt-math-l1-1-0s00009.o)
                              C:/msys64/ucrt64/bin/../lib/gcc/x86_64-w64-mingw32/14.2.0/../../../../lib/libmingw32.a(lib64_libmingw32_a-usermatherr.o) (__setusermatherr)
C:/msys64/ucrt64/bin/../lib/gcc/x86_64-w64-mingw32/14.2.0/../../../../lib/libmsvcrt.a(libapi-ms-win-crt-math-l1-1-0h.o)
                              C:/msys64/ucrt64/bin/../lib/gcc/x86_64-w64-mingw32/14.2.0/../../../../lib/libmsvcrt.a(libapi-ms-win-crt-math-l1-1-0s00009.o) (_head_lib64_libapi_ms_win_crt_math_l1_1_0_a)
C:/msys64/ucrt64/bin/../lib/gcc/x86_64-w64-mingw32/14.2.0/../../../../lib/libmsvcrt.a(libapi-ms-win-crt-math-l1-1-0t.o)
                              C:/msys64/ucrt64/bin/../lib/gcc/x86_64-w64-mingw32/14.2.0/../../../../lib/libmsvcrt.a(libapi-ms-win-crt-math-l1-1-0h.o) (__lib64_libapi_ms_win_crt_math_l1_1_0_a_iname)
C:/msys64/ucrt64/bin/../lib/gcc/x86_64-w64-mingw32/14.2.0/../../../../lib/libmsvcrt.a(libapi-ms-win-crt-locale-l1-1-0s00019.o)
                              C:/msys64/ucrt64/bin/../lib/gcc/x86_64-w64-mingw32/14.2.0/../../../../lib/libmingwex.a(lib64_libmingwex_a-mingw_pformat.o) (localeconv)
C:/msys64/ucrt64/bin/../lib/gcc/x86_64-w64-mingw32/14.2.0/../../../../lib/libmsvcrt.a(libapi-ms-win-crt-locale-l1-1-0h.o)
                              C:/msys64/ucrt64/bin/../lib/gcc/x86_64-w64-mingw32/14.2.0/../../../../lib/libmsvcrt.a(libapi-ms-win-crt-locale-l1-1-0s00019.o) (_head_lib64_libapi_ms_win_crt_locale_l1_1_0_a)
C:/msys64/ucrt64/bin/../lib/gcc/x86_64-w64-mingw32/14.2.0/../../../../lib/libmsvcrt.a(libapi-ms-win-crt-locale-l1-1-0t.o)
                              C:/msys64/ucrt64/bin/../lib/gcc/x86_64-w64-mingw32/14.2.0/../../../../lib/libmsvcrt.a(libapi-ms-win-crt-locale-l1-1-0h.o) (__lib64_libapi_ms_win_crt_locale_l1_1_0_a_iname)
C:/msys64/ucrt64/bin/../lib/gcc/x86_64-w64-mingw32/14.2.0/../../../../lib/libmsvcrt.a(libapi-ms-win-crt-heap-l1-1-0s00023.o)
                              C:/msys64/ucrt64/bin/../lib/gcc/x86_64-w64-mingw32/14.2.0/../../../../lib/libmsvcrt.a(lib64_libucrt_extra_a-ucrtbase_compat.o) (_set_new_mode)
C:/msys64/ucrt64/bin/../lib/gcc/x86_64-w64-mingw32/14.2.0/../../../../lib/libmsvcrt.a(libapi-ms-win-crt-heap-l1-1-0s00024.o)
                              C:/msys64/ucrt64/bin/../lib/gcc/x86_64-w64-mingw32/14.2.0/../../../../lib/libmingw32.a(lib64_libmingw32_a-tlsthrd.o) (calloc)
C:/msys64/ucrt64/bin/../lib/gcc/x86_64-w64-mingw32/14.2.0/../../../../lib/libmsvcrt.a(libapi-ms-win-crt-heap-l1-1-0s00025.o)
                              C:/msys64/ucrt64/bin/../lib/gcc/x86_64-w64-mingw32/14.2.0/../../../../lib/libmingw32.a(lib64_libmingw32_a-tlsthrd.o) (free)
C:/msys64/ucrt64/bin/../lib/gcc/x86_64-w64-mingw32/14.2.0/../../../../lib/libmsvcrt.a(libapi-ms-win-crt-heap-l1-1-0s00026.o)
                              C:/msys64/ucrt64/bin/../lib/gcc/x86_64-w64-mingw32/14.2.0/../../../../lib/crt2.o (malloc)
C:/msys64/ucrt64/bin/../lib/gcc/x86_64-w64-mingw32/14.2.0/../../../../lib/libmsvcrt.a(libapi-ms-win-crt-heap-l1-1-0h.o)
                              C:/msys64/ucrt64/bin/../lib/gcc/x86_64-w64-mingw32/14.2.0/../../../../lib/libmsvcrt.a(libapi-ms-win-crt-heap-l1-1-0s00023.o) (_head_lib64_libapi_ms_win_crt_heap_l1_1_0_a)
C:/msys64/ucrt64/bin/../lib/gcc/x86_64-w64-mingw32/14.2.0/../../../../lib/libmsvcrt.a(libapi-ms-win-crt-heap-l1-1-0t.o)
                              C:/msys64/ucrt64/bin/../lib/gcc/x86_64-w64-mingw32/14.2.0/../../../../lib/libmsvcrt.a(libapi-ms-win-crt-heap-l1-1-0h.o) (__lib64_libapi_ms_win_crt_heap_l1_1_0_a_iname)
C:/msys64/ucrt64/bin/../lib/gcc/x86_64-w64-mingw32/14.2.0/../../../../lib/libmsvcrt.a(libapi-ms-win-crt-filesystem-l1-1-0s00031.o)
                              C:/msys64/ucrt64/bin/../lib/gcc/x86_64-w64-mingw32/14.2.0/../../../../lib/libmingwex.a(lib64_libmingwex_a-mingw_vfprintf.o) (_lock_file)
C:/msys64/ucrt64/bin/../lib/gcc/x86_64-w64-mingw32/14.2.0/../../../../lib/libmsvcrt.a(libapi-ms-win-crt-filesystem-l1-1-0s00052.o)
                              C:/msys64/ucrt64/bin/../lib/gcc/x86_64-w64-mingw32/14.2.0/../../../../lib/libmingwex.a(lib64_libmingwex_a-mingw_vfprintf.o) (_unlock_file)
C:/msys64/ucrt64/bin/../lib/gcc/x86_64-w64-mingw32/14.2.0/../../../../lib/libmsvcrt.a(libapi-ms-win-crt-filesystem-l1-1-0h.o)
                              C:/msys64/ucrt64/bin/../lib/gcc/x86_64-w64-mingw32/14.2.0/../../../../lib/libmsvcrt.a(libapi-ms-win-crt-filesystem-l1-1-0s00031.o) (_head_lib64_libapi_ms_win_crt_filesystem_l1_1_0_a)
C:/msys64/ucrt64/bin/../lib/gcc/x86_64-w64-mingw32/14.2.0/../../../../lib/libmsvcrt.a(libapi-ms-win-crt-filesystem-l1-1-0t.o)
                              C:/msys64/ucrt64/bin/../lib/gcc/x86_64-w64-mingw32/14.2.0/../../../../lib/libmsvcrt.a(libapi-ms-win-crt-filesystem-l1-1-0h.o) (__lib64_libapi_ms_win_crt_filesystem_l1_1_0_a_iname)
C:/msys64/ucrt64/bin/../lib/gcc/x86_64-w64-mingw32/14.2.0/../../../../lib/libmsvcrt.a(libapi-ms-win-crt-environment-l1-1-0s00000.o)
                              C:/msys64/ucrt64/bin/../lib/gcc/x86_64-w64-mingw32/14.2.0/../../../../lib/libmsvcrt.a(lib64_libucrt_extra_a-ucrtbase_compat.o) (__p__environ)
C:/msys64/ucrt64/bin/../lib/gcc/x86_64-w64-mingw32/14.2.0/../../../../lib/libmsvcrt.a(libapi-ms-win-crt-environment-l1-1-0s00001.o)
                              C:/msys64/ucrt64/bin/../lib/gcc/x86_64-w64-mingw32/14.2.0/../../../../lib/libmsvcrt.a(lib64_libucrt_extra_a-ucrtbase_compat.o) (__p__wenviron)
C:/msys64/ucrt64/bin/../lib/gcc/x86_64-w64-mingw32/14.2.0/../../../../lib/libmsvcrt.a(libapi-ms-win-crt-environment-l1-1-0h.o)
                              C:/msys64/ucrt64/bin/../lib/gcc/x86_64-w64-mingw32/14.2.0/../../../../lib/libmsvcrt.a(libapi-ms-win-crt-environment-l1-1-0s00000.o) (_head_lib64_libapi_ms_win_crt_environment_l1_1_0_a)
C:/msys64/ucrt64/bin/../lib/gcc/x86_64-w64-mingw32/14.2.0/../../../../lib/libmsvcrt.a(libapi-ms-win-crt-environment-l1-1-0t.o)
                              C:/msys64/ucrt64/bin/../lib/gcc/x86_64-w64-mingw32/14.2.0/../../../../lib/libmsvcrt.a(libapi-ms-win-crt-environment-l1-1-0h.o) (__lib64_libapi_ms_win_crt_environment_l1_1_0_a_iname)
C:/msys64/ucrt64/bin/../lib/gcc/x86_64-w64-mingw32/14.2.0/../../../../lib/libmsvcrt.a(libapi-ms-win-crt-convert-l1-1-0s00092.o)
                              C:/msys64/ucrt64/bin/../lib/gcc/x86_64-w64-mingw32/14.2.0/../../../../lib/libmingwex.a(lib64_libmingwex_a-mingw_pformat.o) (mbrtowc)
C:/msys64/ucrt64/bin/../lib/gcc/x86_64-w64-mingw32/14.2.0/../../../../lib/libmsvcrt.a(libapi-ms-win-crt-convert-l1-1-0s00106.o)
                              C:/msys64/ucrt64/bin/../lib/gcc/x86_64-w64-mingw32/14.2.0/../../../../lib/libmingwex.a(lib64_libmingwex_a-mingw_pformat.o) (wcrtomb)
C:/msys64/ucrt64/bin/../lib/gcc/x86_64-w64-mingw32/14.2.0/../../../../lib/libmsvcrt.a(libapi-ms-win-crt-convert-l1-1-0h.o)
                              C:/msys64/ucrt64/bin/../lib/gcc/x86_64-w64-mingw32/14.2.0/../../../../lib/libmsvcrt.a(libapi-ms-win-crt-convert-l1-1-0s00092.o) (_head_lib64_libapi_ms_win_crt_convert_l1_1_0_a)
C:/msys64/ucrt64/bin/../lib/gcc/x86_64-w64-mingw32/14.2.0/../../../../lib/libmsvcrt.a(libapi-ms-win-crt-convert-l1-1-0t.o)
                              C:/msys64/ucrt64/bin/../lib/gcc/x86_64-w64-mingw32/14.2.0/../../../../lib/libmsvcrt.a(libapi-ms-win-crt-convert-l1-1-0h.o) (__lib64_libapi_ms_win_crt_convert_l1_1_0_a_iname)
C:/msys64/ucrt64/bin/../lib/gcc/x86_64-w64-mingw32/14.2.0/../../../../lib/libmsvcrt.a(lib64_libucrt_extra_a-__initenv.o)
                              C:/msys64/ucrt64/bin/../lib/gcc/x86_64-w64-mingw32/14.2.0/../../../../lib/libmsvcrt.a(lib64_libucrt_extra_a-__p___initenv.o) (__imp___initenv)
C:/msys64/ucrt64/bin/../lib/gcc/x86_64-w64-mingw32/14.2.0/../../../../lib/libkernel32.a(libkernel32s01528.o)
                              C:/msys64/ucrt64/bin/../lib/gcc/x86_64-w64-mingw32/14.2.0/../../../../lib/libmingw32.a(lib64_libmingw32_a-pseudo-reloc.o) (__imp_VirtualQuery)
C:/msys64/ucrt64/bin/../lib/gcc/x86_64-w64-mingw32/14.2.0/../../../../lib/libkernel32.a(libkernel32s01526.o)
                              C:/msys64/ucrt64/bin/../lib/gcc/x86_64-w64-mingw32/14.2.0/../../../../lib/libmingw32.a(lib64_libmingw32_a-pseudo-reloc.o) (__imp_VirtualProtect)
C:/msys64/ucrt64/bin/../lib/gcc/x86_64-w64-mingw32/14.2.0/../../../../lib/libkernel32.a(libkernel32s01479.o)
                              C:/msys64/ucrt64/bin/../lib/gcc/x86_64-w64-mingw32/14.2.0/../../../../lib/libmingw32.a(lib64_libmingw32_a-tlsthrd.o) (__imp_TlsGetValue)
C:/msys64/ucrt64/bin/../lib/gcc/x86_64-w64-mingw32/14.2.0/../../../../lib/libkernel32.a(libkernel32s01443.o)
                              C:/msys64/ucrt64/bin/../lib/gcc/x86_64-w64-mingw32/14.2.0/../../../../lib/crt2.o (__imp_Sleep)
C:/msys64/ucrt64/bin/../lib/gcc/x86_64-w64-mingw32/14.2.0/../../../../lib/libkernel32.a(libkernel32s01427.o)
                              C:/msys64/ucrt64/bin/../lib/gcc/x86_64-w64-mingw32/14.2.0/../../../../lib/crt2.o (__imp_SetUnhandledExceptionFilter)
C:/msys64/ucrt64/bin/../lib/gcc/x86_64-w64-mingw32/14.2.0/../../../../lib/libkernel32.a(libkernel32s01007.o)
                              C:/msys64/ucrt64/bin/../lib/gcc/x86_64-w64-mingw32/14.2.0/../../../../lib/libmingw32.a(lib64_libmingw32_a-tlsthrd.o) (__imp_LeaveCriticalSection)
C:/msys64/ucrt64/bin/../lib/gcc/x86_64-w64-mingw32/14.2.0/../../../../lib/libkernel32.a(libkernel32s00913.o)
                              C:/msys64/ucrt64/bin/../lib/gcc/x86_64-w64-mingw32/14.2.0/../../../../lib/libmingw32.a(lib64_libmingw32_a-tlsthrd.o) (__imp_InitializeCriticalSection)
C:/msys64/ucrt64/bin/../lib/gcc/x86_64-w64-mingw32/14.2.0/../../../../lib/libkernel32.a(libkernel32s00643.o)
                              C:/msys64/ucrt64/bin/../lib/gcc/x86_64-w64-mingw32/14.2.0/../../../../lib/libmingw32.a(lib64_libmingw32_a-pseudo-reloc.o) (__imp_GetLastError)
C:/msys64/ucrt64/bin/../lib/gcc/x86_64-w64-mingw32/14.2.0/../../../../lib/libkernel32.a(libkernel32s00330.o)
                              C:/msys64/ucrt64/bin/../lib/gcc/x86_64-w64-mingw32/14.2.0/../../../../lib/libmingw32.a(lib64_libmingw32_a-tlsthrd.o) (__imp_EnterCriticalSection)
C:/msys64/ucrt64/bin/../lib/gcc/x86_64-w64-mingw32/14.2.0/../../../../lib/libkernel32.a(libkernel32s00292.o)
                              C:/msys64/ucrt64/bin/../lib/gcc/x86_64-w64-mingw32/14.2.0/../../../../lib/libmingw32.a(lib64_libmingw32_a-tlsthrd.o) (__imp_DeleteCriticalSection)
C:/msys64/ucrt64/bin/../lib/gcc/x86_64-w64-mingw32/14.2.0/../../../../lib/libkernel32.a(libkernel32h.o)
                              C:/msys64/ucrt64/bin/../lib/gcc/x86_64-w64-mingw32/14.2.0/../../../../lib/libkernel32.a(libkernel32s01528.o) (_head_lib64_libkernel32_a)
C:/msys64/ucrt64/bin/../lib/gcc/x86_64-w64-mingw32/14.2.0/../../../../lib/libkernel32.a(libkernel32t.o)
                              C:/msys64/ucrt64/bin/../lib/gcc/x86_64-w64-mingw32/14.2.0/../../../../lib/libkernel32.a(libkernel32h.o) (__lib64_libkernel32_a_iname)
C:/msys64/ucrt64/bin/../lib/gcc/x86_64-w64-mingw32/14.2.0/../../../../lib/libpthread.dll.a(libwinpthread_1_dll_d000016.o)
                              C:\Users\Francois\AppData\Local\Temp\ccC6P1yL.o (nanosleep)
C:/msys64/ucrt64/bin/../lib/gcc/x86_64-w64-mingw32/14.2.0/../../../../lib/libpthread.dll.a(libwinpthread_1_dll_d000000.o)
                              C:/msys64/ucrt64/bin/../lib/gcc/x86_64-w64-mingw32/14.2.0/../../../../lib/libpthread.dll.a(libwinpthread_1_dll_d000016.o) (_head_libwinpthread_1_dll)
C:/msys64/ucrt64/bin/../lib/gcc/x86_64-w64-mingw32/14.2.0/../../../../lib/libpthread.dll.a(libwinpthread_1_dll_d000138.o)
                              C:/msys64/ucrt64/bin/../lib/gcc/x86_64-w64-mingw32/14.2.0/../../../../lib/libpthread.dll.a(libwinpthread_1_dll_d000000.o) (libwinpthread_1_dll_iname)
